###############################################################################
#
# IAR ELF Linker V9.32.1.338/W64 for ARM                  29/Mar/2023  10:52:20
# Copyright 2007-2022 IAR Systems AB.
#
#    Output file  =
#        C:\Users\sarge\OneDrive - Western Michigan
#        University\Spring2023\ECE4510\FInal Project\EWARM\FInal
#        Project\Exe\FInal Project.out
#    Map file     =
#        C:\Users\sarge\OneDrive - Western Michigan
#        University\Spring2023\ECE4510\FInal Project\EWARM\FInal
#        Project\List\FInal Project.map
#    Command line =
#        -f "C:\Users\sarge\OneDrive - Western Michigan
#        University\Spring2023\ECE4510\FInal Project\EWARM\FInal
#        Project\Exe\FInal Project.out.rsp" ("C:\Users\sarge\OneDrive - Western
#        Michigan University\Spring2023\ECE4510\FInal Project\EWARM\FInal
#        Project\Obj\Application\User\Core\main.o" "C:\Users\sarge\OneDrive -
#        Western Michigan University\Spring2023\ECE4510\FInal
#        Project\EWARM\FInal
#        Project\Obj\Application\EWARM\startup_stm32f429xx.o"
#        "C:\Users\sarge\OneDrive - Western Michigan
#        University\Spring2023\ECE4510\FInal Project\EWARM\FInal
#        Project\Obj\Drivers\STM32F4xx_HAL_Driver\stm32f4xx_hal.o"
#        "C:\Users\sarge\OneDrive - Western Michigan
#        University\Spring2023\ECE4510\FInal Project\EWARM\FInal
#        Project\Obj\Drivers\STM32F4xx_HAL_Driver\stm32f4xx_hal_cortex.o"
#        "C:\Users\sarge\OneDrive - Western Michigan
#        University\Spring2023\ECE4510\FInal Project\EWARM\FInal
#        Project\Obj\Drivers\STM32F4xx_HAL_Driver\stm32f4xx_hal_dma.o"
#        "C:\Users\sarge\OneDrive - Western Michigan
#        University\Spring2023\ECE4510\FInal Project\EWARM\FInal
#        Project\Obj\Drivers\STM32F4xx_HAL_Driver\stm32f4xx_hal_dma_ex.o"
#        "C:\Users\sarge\OneDrive - Western Michigan
#        University\Spring2023\ECE4510\FInal Project\EWARM\FInal
#        Project\Obj\Drivers\STM32F4xx_HAL_Driver\stm32f4xx_hal_exti.o"
#        "C:\Users\sarge\OneDrive - Western Michigan
#        University\Spring2023\ECE4510\FInal Project\EWARM\FInal
#        Project\Obj\Drivers\STM32F4xx_HAL_Driver\stm32f4xx_hal_flash.o"
#        "C:\Users\sarge\OneDrive - Western Michigan
#        University\Spring2023\ECE4510\FInal Project\EWARM\FInal
#        Project\Obj\Drivers\STM32F4xx_HAL_Driver\stm32f4xx_hal_flash_ex.o"
#        "C:\Users\sarge\OneDrive - Western Michigan
#        University\Spring2023\ECE4510\FInal Project\EWARM\FInal
#        Project\Obj\Drivers\STM32F4xx_HAL_Driver\stm32f4xx_hal_flash_ramfunc.o"
#        "C:\Users\sarge\OneDrive - Western Michigan
#        University\Spring2023\ECE4510\FInal Project\EWARM\FInal
#        Project\Obj\Drivers\STM32F4xx_HAL_Driver\stm32f4xx_hal_gpio.o"
#        "C:\Users\sarge\OneDrive - Western Michigan
#        University\Spring2023\ECE4510\FInal Project\EWARM\FInal
#        Project\Obj\Application\User\Core\stm32f4xx_hal_msp.o"
#        "C:\Users\sarge\OneDrive - Western Michigan
#        University\Spring2023\ECE4510\FInal Project\EWARM\FInal
#        Project\Obj\Drivers\STM32F4xx_HAL_Driver\stm32f4xx_hal_pwr.o"
#        "C:\Users\sarge\OneDrive - Western Michigan
#        University\Spring2023\ECE4510\FInal Project\EWARM\FInal
#        Project\Obj\Drivers\STM32F4xx_HAL_Driver\stm32f4xx_hal_pwr_ex.o"
#        "C:\Users\sarge\OneDrive - Western Michigan
#        University\Spring2023\ECE4510\FInal Project\EWARM\FInal
#        Project\Obj\Drivers\STM32F4xx_HAL_Driver\stm32f4xx_hal_rcc.o"
#        "C:\Users\sarge\OneDrive - Western Michigan
#        University\Spring2023\ECE4510\FInal Project\EWARM\FInal
#        Project\Obj\Drivers\STM32F4xx_HAL_Driver\stm32f4xx_hal_rcc_ex.o"
#        "C:\Users\sarge\OneDrive - Western Michigan
#        University\Spring2023\ECE4510\FInal Project\EWARM\FInal
#        Project\Obj\Drivers\STM32F4xx_HAL_Driver\stm32f4xx_hal_spi.o"
#        "C:\Users\sarge\OneDrive - Western Michigan
#        University\Spring2023\ECE4510\FInal Project\EWARM\FInal
#        Project\Obj\Drivers\STM32F4xx_HAL_Driver\stm32f4xx_hal_tim.o"
#        "C:\Users\sarge\OneDrive - Western Michigan
#        University\Spring2023\ECE4510\FInal Project\EWARM\FInal
#        Project\Obj\Drivers\STM32F4xx_HAL_Driver\stm32f4xx_hal_tim_ex.o"
#        "C:\Users\sarge\OneDrive - Western Michigan
#        University\Spring2023\ECE4510\FInal Project\EWARM\FInal
#        Project\Obj\Application\User\Core\stm32f4xx_it.o"
#        "C:\Users\sarge\OneDrive - Western Michigan
#        University\Spring2023\ECE4510\FInal Project\EWARM\FInal
#        Project\Obj\Drivers\CMSIS\system_stm32f4xx.o" --no_out_extension -o
#        "C:\Users\sarge\OneDrive - Western Michigan
#        University\Spring2023\ECE4510\FInal Project\EWARM\FInal
#        Project\Exe\FInal Project.out" --redirect _Printf=_PrintfFullNoMb
#        --redirect _Scanf=_ScanfFullNoMb --map "C:\Users\sarge\OneDrive -
#        Western Michigan University\Spring2023\ECE4510\FInal
#        Project\EWARM\FInal Project\List\FInal Project.map" --config
#        "C:\Users\sarge\OneDrive - Western Michigan
#        University\Spring2023\ECE4510\FInal
#        Project\EWARM/stm32f429xx_flash.icf" --semihosting --entry
#        __iar_program_start --vfe --text_out locale --cpu=Cortex-M4
#        --fpu=VFPv4_sp)
#
###############################################################################

*******************************************************************************
*** RUNTIME MODEL ATTRIBUTES
***

CppFlavor       = *
__CPP_Runtime   = 1
__SystemLibrary = DLib
__dlib_version  = 6


*******************************************************************************
*** HEAP SELECTION
***

The basic heap was selected because --advanced_heap
was not specified and the application did not appear to
be primarily optimized for speed.


*******************************************************************************
*** PLACEMENT SUMMARY
***

"A0":  place at address 0x800'0000 { ro section .intvec };
"P1":  place in [from 0x800'0000 to 0x81f'ffff] { ro };
define block CSTACK with size = 1K, alignment = 8 { };
define block HEAP with size = 512, alignment = 8 { };
"P2":  place in [from 0x2000'0000 to 0x2002'ffff] {
          rw, block CSTACK, block HEAP };
initialize by copy { rw };

  Section            Kind         Address    Size  Object
  -------            ----         -------    ----  ------
"A0":                                       0x1ac
  .intvec            ro code   0x800'0000   0x1ac  startup_stm32f429xx.o [1]
                             - 0x800'01ac   0x1ac

"P1":                                      0x2d18
  .text              ro code   0x800'01ac   0xb36  stm32f4xx_hal_tim.o [4]
  .text              ro code   0x800'0ce2    0x2a  copy_init3.o [7]
  .text              ro code   0x800'0d0c   0x224  stm32f4xx_hal_msp.o [2]
  .text              ro code   0x800'0f30     0x2  stm32f4xx_hal_tim.o [4]
  .text              ro code   0x800'0f32     0x2  stm32f4xx_hal_tim.o [4]
  .text              ro code   0x800'0f34   0x734  main.o [2]
  .text              ro code   0x800'1668     0x2  stm32f4xx_hal_tim.o [4]
  .text              ro code   0x800'166a     0x2  stm32f4xx_hal_tim.o [4]
  .text              ro code   0x800'166c     0x2  stm32f4xx_hal_tim_ex.o [4]
  .text              ro code   0x800'166e     0x2  stm32f4xx_hal_tim.o [4]
  .text              ro code   0x800'1670     0x2  stm32f4xx_hal_tim_ex.o [4]
  .text              ro code   0x800'1672     0x2  stm32f4xx_hal_tim.o [4]
  .text              ro code   0x800'1674    0xc4  stm32f4xx_hal_cortex.o [4]
  .text              ro code   0x800'1738    0x14  memset.o [7]
  .text              ro code   0x800'174c   0x238  stm32f4xx_hal_gpio.o [4]
  .text              ro code   0x800'1984   0x380  stm32f4xx_hal_spi.o [4]
  .text              ro code   0x800'1d04    0x28  stm32f4xx_hal.o [4]
  .text              ro code   0x800'1d2c   0x25e  DblAddSub.o [6]
  .text              ro code   0x800'1f8c    0x1c  U32ToDbl.o [6]
  .text              ro code   0x800'1fa8   0x246  DblDiv.o [6]
  .text              ro code   0x800'21f0   0x1aa  DblMul.o [6]
  .text              ro code   0x800'239c    0x36  DblToS32.o [6]
  .text              ro code   0x800'23d4    0x34  DblCmpLe.o [6]
  .text              ro code   0x800'2408    0x34  DblCmpGe.o [6]
  .text              ro code   0x800'243c    0x34  stm32f4xx_hal.o [4]
  .text              ro code   0x800'2470    0x8c  stm32f4xx_hal_tim_ex.o [4]
  .text              ro code   0x800'24fc   0x320  stm32f4xx_hal_rcc.o [4]
  .text              ro code   0x800'281c    0x78  stm32f4xx_hal_pwr_ex.o [4]
  .text              ro code   0x800'2894   0x120  stm32f4xx_hal_rcc.o [4]
  .text              ro code   0x800'29b4    0x66  ABImemset.o [7]
  .text              ro code   0x800'2a1c     0xc  stm32f4xx_hal.o [4]
  .text              ro code   0x800'2a28    0x40  stm32f4xx_hal.o [4]
  .text              ro code   0x800'2a68    0x60  stm32f4xx_hal_rcc.o [4]
  .text              ro code   0x800'2ac8   0x106  I64DivMod_small.o [7]
  .text              ro code   0x800'2bd0     0x2  I64DivZer.o [7]
  .text              ro code   0x800'2bd4    0x3c  stm32f4xx_it.o [2]
  .text              ro code   0x800'2c10    0x10  stm32f4xx_hal.o [4]
  .text              ro code   0x800'2c20    0x38  zero_init3.o [7]
  .text              ro code   0x800'2c58    0x28  data_init.o [7]
  .text              ro code   0x800'2c80    0x22  fpinit_M.o [6]
  .iar.init_table    const     0x800'2ca4    0x24  - Linker created -
  .text              ro code   0x800'2cc8    0x20  system_stm32f4xx.o [3]
  .text              ro code   0x800'2ce8    0x1e  cmain.o [7]
  .text              ro code   0x800'2d06     0x4  low_level_init.o [5]
  .text              ro code   0x800'2d0a     0x4  exit.o [5]
  .text              ro code   0x800'2d10     0xa  cexit.o [7]
  .text              ro code   0x800'2d1c    0x14  exit.o [8]
  .text              ro code   0x800'2d30    0x1c  cstartup_M.o [7]
  .text              ro code   0x800'2d4c    0x10  startup_stm32f429xx.o [1]
  Initializer bytes  const     0x800'2d5c    0x10  <for P2-1>
  .text              ro code   0x800'2d6c     0x4  startup_stm32f429xx.o [1]
  .text              ro code   0x800'2d70     0x4  startup_stm32f429xx.o [1]
  .text              ro code   0x800'2d74     0x4  startup_stm32f429xx.o [1]
  .text              ro code   0x800'2d78     0x4  startup_stm32f429xx.o [1]
  .text              ro code   0x800'2d7c     0x4  startup_stm32f429xx.o [1]
  .text              ro code   0x800'2d80     0x4  startup_stm32f429xx.o [1]
  .text              ro code   0x800'2d84     0x4  startup_stm32f429xx.o [1]
  .text              ro code   0x800'2d88     0x4  startup_stm32f429xx.o [1]
  .text              ro code   0x800'2d8c     0x4  startup_stm32f429xx.o [1]
  .text              ro code   0x800'2d90     0x4  startup_stm32f429xx.o [1]
  .text              ro code   0x800'2d94     0x4  startup_stm32f429xx.o [1]
  .text              ro code   0x800'2d98     0x4  startup_stm32f429xx.o [1]
  .text              ro code   0x800'2d9c     0x4  startup_stm32f429xx.o [1]
  .text              ro code   0x800'2da0     0x4  startup_stm32f429xx.o [1]
  .text              ro code   0x800'2da4     0x4  startup_stm32f429xx.o [1]
  .text              ro code   0x800'2da8     0x4  startup_stm32f429xx.o [1]
  .text              ro code   0x800'2dac     0x4  startup_stm32f429xx.o [1]
  .text              ro code   0x800'2db0     0x4  startup_stm32f429xx.o [1]
  .text              ro code   0x800'2db4     0x4  startup_stm32f429xx.o [1]
  .text              ro code   0x800'2db8     0x4  startup_stm32f429xx.o [1]
  .text              ro code   0x800'2dbc     0x4  startup_stm32f429xx.o [1]
  .text              ro code   0x800'2dc0     0x4  startup_stm32f429xx.o [1]
  .text              ro code   0x800'2dc4     0x4  startup_stm32f429xx.o [1]
  .text              ro code   0x800'2dc8     0x4  startup_stm32f429xx.o [1]
  .text              ro code   0x800'2dcc     0x4  startup_stm32f429xx.o [1]
  .text              ro code   0x800'2dd0     0x4  startup_stm32f429xx.o [1]
  .text              ro code   0x800'2dd4     0x4  startup_stm32f429xx.o [1]
  .text              ro code   0x800'2dd8     0x4  startup_stm32f429xx.o [1]
  .text              ro code   0x800'2ddc     0x4  startup_stm32f429xx.o [1]
  .text              ro code   0x800'2de0     0x4  startup_stm32f429xx.o [1]
  .text              ro code   0x800'2de4     0x4  startup_stm32f429xx.o [1]
  .text              ro code   0x800'2de8     0x4  startup_stm32f429xx.o [1]
  .text              ro code   0x800'2dec     0x4  startup_stm32f429xx.o [1]
  .text              ro code   0x800'2df0     0x4  startup_stm32f429xx.o [1]
  .text              ro code   0x800'2df4     0x4  startup_stm32f429xx.o [1]
  .text              ro code   0x800'2df8     0x4  startup_stm32f429xx.o [1]
  .text              ro code   0x800'2dfc     0x4  startup_stm32f429xx.o [1]
  .text              ro code   0x800'2e00     0x4  startup_stm32f429xx.o [1]
  .text              ro code   0x800'2e04     0x4  startup_stm32f429xx.o [1]
  .text              ro code   0x800'2e08     0x4  startup_stm32f429xx.o [1]
  .text              ro code   0x800'2e0c     0x4  startup_stm32f429xx.o [1]
  .text              ro code   0x800'2e10     0x4  startup_stm32f429xx.o [1]
  .text              ro code   0x800'2e14     0x4  startup_stm32f429xx.o [1]
  .text              ro code   0x800'2e18     0x4  startup_stm32f429xx.o [1]
  .text              ro code   0x800'2e1c     0x4  startup_stm32f429xx.o [1]
  .text              ro code   0x800'2e20     0x4  startup_stm32f429xx.o [1]
  .text              ro code   0x800'2e24     0x4  startup_stm32f429xx.o [1]
  .text              ro code   0x800'2e28     0x4  startup_stm32f429xx.o [1]
  .text              ro code   0x800'2e2c     0x4  startup_stm32f429xx.o [1]
  .text              ro code   0x800'2e30     0x4  startup_stm32f429xx.o [1]
  .text              ro code   0x800'2e34     0x4  startup_stm32f429xx.o [1]
  .text              ro code   0x800'2e38     0x4  startup_stm32f429xx.o [1]
  .text              ro code   0x800'2e3c     0x4  startup_stm32f429xx.o [1]
  .text              ro code   0x800'2e40     0x4  startup_stm32f429xx.o [1]
  .text              ro code   0x800'2e44     0x4  startup_stm32f429xx.o [1]
  .text              ro code   0x800'2e48     0x4  startup_stm32f429xx.o [1]
  .text              ro code   0x800'2e4c     0x4  startup_stm32f429xx.o [1]
  .text              ro code   0x800'2e50     0x4  startup_stm32f429xx.o [1]
  .text              ro code   0x800'2e54     0x4  startup_stm32f429xx.o [1]
  .text              ro code   0x800'2e58     0x4  startup_stm32f429xx.o [1]
  .text              ro code   0x800'2e5c     0x4  startup_stm32f429xx.o [1]
  .text              ro code   0x800'2e60     0x4  startup_stm32f429xx.o [1]
  .text              ro code   0x800'2e64     0x4  startup_stm32f429xx.o [1]
  .text              ro code   0x800'2e68     0x4  startup_stm32f429xx.o [1]
  .text              ro code   0x800'2e6c     0x4  startup_stm32f429xx.o [1]
  .text              ro code   0x800'2e70     0x4  startup_stm32f429xx.o [1]
  .text              ro code   0x800'2e74     0x4  startup_stm32f429xx.o [1]
  .text              ro code   0x800'2e78     0x4  startup_stm32f429xx.o [1]
  .text              ro code   0x800'2e7c     0x4  startup_stm32f429xx.o [1]
  .text              ro code   0x800'2e80     0x4  startup_stm32f429xx.o [1]
  .text              ro code   0x800'2e84     0x4  startup_stm32f429xx.o [1]
  .text              ro code   0x800'2e88     0x4  startup_stm32f429xx.o [1]
  .text              ro code   0x800'2e8c     0x4  startup_stm32f429xx.o [1]
  .text              ro code   0x800'2e90     0x4  startup_stm32f429xx.o [1]
  .text              ro code   0x800'2e94     0x4  startup_stm32f429xx.o [1]
  .text              ro code   0x800'2e98     0x4  startup_stm32f429xx.o [1]
  .text              ro code   0x800'2e9c     0x4  startup_stm32f429xx.o [1]
  .text              ro code   0x800'2ea0     0x4  startup_stm32f429xx.o [1]
  .text              ro code   0x800'2ea4     0x4  startup_stm32f429xx.o [1]
  .text              ro code   0x800'2ea8     0x4  startup_stm32f429xx.o [1]
  .text              ro code   0x800'2eac     0x4  startup_stm32f429xx.o [1]
  .text              ro code   0x800'2eb0     0x4  startup_stm32f429xx.o [1]
  .text              ro code   0x800'2eb4     0x4  startup_stm32f429xx.o [1]
  .text              ro code   0x800'2eb8     0x4  startup_stm32f429xx.o [1]
  .text              ro code   0x800'2ebc     0x4  startup_stm32f429xx.o [1]
  .text              ro code   0x800'2ec0     0x4  startup_stm32f429xx.o [1]
  .rodata            const     0x800'2ec4     0x0  zero_init3.o [7]
  .rodata            const     0x800'2ec4     0x0  copy_init3.o [7]
                             - 0x800'2ec4  0x2d18

"P2", part 1 of 3:                           0x10
  P2-1                        0x2000'0000    0x10  <Init block>
    .data            inited   0x2000'0000     0xc  stm32f4xx_hal.o [4]
    .data            inited   0x2000'000c     0x4  system_stm32f4xx.o [3]
                            - 0x2000'0010    0x10

"P2", part 2 of 3:                          0x19c
  .bss               zero     0x2000'0010    0x68  main.o [2]
  .bss               zero     0x2000'0078    0x58  main.o [2]
  .bss               zero     0x2000'00d0    0x48  main.o [2]
  .bss               zero     0x2000'0118    0x48  main.o [2]
  .bss               zero     0x2000'0160    0x48  main.o [2]
  .bss               zero     0x2000'01a8     0x4  main.o [2]
                            - 0x2000'01ac   0x19c

"P2", part 3 of 3:                          0x400
  CSTACK                      0x2000'01b0   0x400  <Block>
    CSTACK           uninit   0x2000'01b0   0x400  <Block tail>
                            - 0x2000'05b0   0x400

Unused ranges:

         From           To       Size
         ----           --       ----
   0x800'2ec4   0x81f'ffff  0x1f'd13c
  0x2000'01ac  0x2000'01af        0x4
  0x2000'05b0  0x2002'ffff   0x2'fa50


*******************************************************************************
*** INIT TABLE
***

          Address      Size
          -------      ----
Zero (__iar_zero_init3)
    1 destination range, total size 0x19c:
          0x2000'0010  0x19c

Copy (__iar_copy_init3)
    1 source range, total size 0x10:
           0x800'2d5c   0x10
    1 destination range, total size 0x10:
          0x2000'0000   0x10



*******************************************************************************
*** MODULE SUMMARY
***

    Module                  ro code  ro data  rw data
    ------                  -------  -------  -------
command line/config:
    -------------------------------------------------
    Total:

C:\Users\sarge\OneDrive - Western Michigan University\Spring2023\ECE4510\FInal Project\EWARM\FInal Project\Obj\Application\EWARM: [1]
    startup_stm32f429xx.o       788
    -------------------------------------------------
    Total:                      788

C:\Users\sarge\OneDrive - Western Michigan University\Spring2023\ECE4510\FInal Project\EWARM\FInal Project\Obj\Application\User\Core: [2]
    main.o                    1'844               412
    stm32f4xx_hal_msp.o         548
    stm32f4xx_it.o               60
    -------------------------------------------------
    Total:                    2'452               412

C:\Users\sarge\OneDrive - Western Michigan University\Spring2023\ECE4510\FInal Project\EWARM\FInal Project\Obj\Drivers\CMSIS: [3]
    system_stm32f4xx.o           32        4        4
    -------------------------------------------------
    Total:                       32        4        4

C:\Users\sarge\OneDrive - Western Michigan University\Spring2023\ECE4510\FInal Project\EWARM\FInal Project\Obj\Drivers\STM32F4xx_HAL_Driver: [4]
    stm32f4xx_hal.o             184       12       12
    stm32f4xx_hal_cortex.o      196
    stm32f4xx_hal_gpio.o        568
    stm32f4xx_hal_pwr_ex.o      120
    stm32f4xx_hal_rcc.o       1'184
    stm32f4xx_hal_spi.o         896
    stm32f4xx_hal_tim.o       2'882
    stm32f4xx_hal_tim_ex.o      144
    -------------------------------------------------
    Total:                    6'174       12       12

dl7M_tln.a: [5]
    exit.o                        4
    low_level_init.o              4
    -------------------------------------------------
    Total:                        8

m7M_tls.a: [6]
    DblAddSub.o                 606
    DblCmpGe.o                   52
    DblCmpLe.o                   52
    DblDiv.o                    582
    DblMul.o                    426
    DblToS32.o                   54
    U32ToDbl.o                   28
    fpinit_M.o                   34
    -------------------------------------------------
    Total:                    1'834

rt7M_tl.a: [7]
    ABImemset.o                 102
    I64DivMod_small.o           262
    I64DivZer.o                   2
    cexit.o                      10
    cmain.o                      30
    copy_init3.o                 42
    cstartup_M.o                 28
    data_init.o                  40
    memset.o                     20
    zero_init3.o                 56
    -------------------------------------------------
    Total:                      592

shb_l.a: [8]
    exit.o                       20
    -------------------------------------------------
    Total:                       20

    Gaps                         18        2
    Linker created                        36    1'024
-----------------------------------------------------
    Grand Total:             11'918       54    1'452


*******************************************************************************
*** ENTRY LIST
***

Entry                       Address   Size  Type      Object
-----                       -------   ----  ----      ------
.iar.init_table$$Base    0x800'2ca4          --   Gb  - Linker created -
.iar.init_table$$Limit   0x800'2cc8          --   Gb  - Linker created -
?main                    0x800'2ce9         Code  Gb  cmain.o [7]
ADC_IRQHandler           0x800'2db5         Code  Wk  startup_stm32f429xx.o [1]
AHBPrescTable            0x800'2cd8   0x10  Data  Gb  system_stm32f4xx.o [3]
BusFault_Handler         0x800'2bdb    0x2  Code  Gb  stm32f4xx_it.o [2]
CAN1_RX0_IRQHandler      0x800'2dbd         Code  Wk  startup_stm32f429xx.o [1]
CAN1_RX1_IRQHandler      0x800'2dc1         Code  Wk  startup_stm32f429xx.o [1]
CAN1_SCE_IRQHandler      0x800'2dc5         Code  Wk  startup_stm32f429xx.o [1]
CAN1_TX_IRQHandler       0x800'2db9         Code  Wk  startup_stm32f429xx.o [1]
CAN2_RX0_IRQHandler      0x800'2e5d         Code  Wk  startup_stm32f429xx.o [1]
CAN2_RX1_IRQHandler      0x800'2e61         Code  Wk  startup_stm32f429xx.o [1]
CAN2_SCE_IRQHandler      0x800'2e65         Code  Wk  startup_stm32f429xx.o [1]
CAN2_TX_IRQHandler       0x800'2e59         Code  Wk  startup_stm32f429xx.o [1]
CSTACK$$Base            0x2000'01b0          --   Gb  - Linker created -
CSTACK$$Limit           0x2000'05b0          --   Gb  - Linker created -
DCMI_IRQHandler          0x800'2e95         Code  Wk  startup_stm32f429xx.o [1]
DMA1_Stream0_IRQHandler
                         0x800'2d99         Code  Wk  startup_stm32f429xx.o [1]
DMA1_Stream1_IRQHandler
                         0x800'2d9d         Code  Wk  startup_stm32f429xx.o [1]
DMA1_Stream2_IRQHandler
                         0x800'2da1         Code  Wk  startup_stm32f429xx.o [1]
DMA1_Stream3_IRQHandler
                         0x800'2da5         Code  Wk  startup_stm32f429xx.o [1]
DMA1_Stream4_IRQHandler
                         0x800'2da9         Code  Wk  startup_stm32f429xx.o [1]
DMA1_Stream5_IRQHandler
                         0x800'2dad         Code  Wk  startup_stm32f429xx.o [1]
DMA1_Stream6_IRQHandler
                         0x800'2db1         Code  Wk  startup_stm32f429xx.o [1]
DMA1_Stream7_IRQHandler
                         0x800'2e1d         Code  Wk  startup_stm32f429xx.o [1]
DMA2D_IRQHandler         0x800'2ec1         Code  Wk  startup_stm32f429xx.o [1]
DMA2_Stream0_IRQHandler
                         0x800'2e3d         Code  Wk  startup_stm32f429xx.o [1]
DMA2_Stream1_IRQHandler
                         0x800'2e41         Code  Wk  startup_stm32f429xx.o [1]
DMA2_Stream2_IRQHandler
                         0x800'2e45         Code  Wk  startup_stm32f429xx.o [1]
DMA2_Stream3_IRQHandler
                         0x800'2e49         Code  Wk  startup_stm32f429xx.o [1]
DMA2_Stream4_IRQHandler
                         0x800'2e4d         Code  Wk  startup_stm32f429xx.o [1]
DMA2_Stream5_IRQHandler
                         0x800'2e6d         Code  Wk  startup_stm32f429xx.o [1]
DMA2_Stream6_IRQHandler
                         0x800'2e71         Code  Wk  startup_stm32f429xx.o [1]
DMA2_Stream7_IRQHandler
                         0x800'2e75         Code  Wk  startup_stm32f429xx.o [1]
DebugMon_Handler         0x800'2be1    0x2  Code  Gb  stm32f4xx_it.o [2]
ETH_IRQHandler           0x800'2e51         Code  Wk  startup_stm32f429xx.o [1]
ETH_WKUP_IRQHandler      0x800'2e55         Code  Wk  startup_stm32f429xx.o [1]
EXTI0_IRQHandler         0x800'2d85         Code  Wk  startup_stm32f429xx.o [1]
EXTI15_10_IRQHandler     0x800'2e05         Code  Wk  startup_stm32f429xx.o [1]
EXTI1_IRQHandler         0x800'2d89         Code  Wk  startup_stm32f429xx.o [1]
EXTI2_IRQHandler         0x800'2d8d         Code  Wk  startup_stm32f429xx.o [1]
EXTI3_IRQHandler         0x800'2d91         Code  Wk  startup_stm32f429xx.o [1]
EXTI4_IRQHandler         0x800'2d95         Code  Wk  startup_stm32f429xx.o [1]
EXTI9_5_IRQHandler       0x800'2dc9         Code  Wk  startup_stm32f429xx.o [1]
Error_Handler            0x800'1647    0x4  Code  Gb  main.o [2]
FLASH_IRQHandler         0x800'2d7d         Code  Wk  startup_stm32f429xx.o [1]
FMC_IRQHandler           0x800'2e21         Code  Wk  startup_stm32f429xx.o [1]
FPU_IRQHandler           0x800'2e9d         Code  Wk  startup_stm32f429xx.o [1]
HAL_Delay                0x800'1d05   0x28  Code  Wk  stm32f4xx_hal.o [4]
HAL_GPIO_Init            0x800'174d  0x1f0  Code  Gb  stm32f4xx_hal_gpio.o [4]
HAL_GPIO_ReadPin         0x800'193d    0xc  Code  Gb  stm32f4xx_hal_gpio.o [4]
HAL_GPIO_WritePin        0x800'1949    0x8  Code  Gb  stm32f4xx_hal_gpio.o [4]
HAL_GetTick              0x800'2a1d    0xc  Code  Wk  stm32f4xx_hal.o [4]
HAL_IncTick              0x800'2c11   0x10  Code  Wk  stm32f4xx_hal.o [4]
HAL_Init                 0x800'243d   0x30  Code  Gb  stm32f4xx_hal.o [4]
HAL_InitTick             0x800'2a29   0x40  Code  Wk  stm32f4xx_hal.o [4]
HAL_MspInit              0x800'0d0d   0x34  Code  Gb  stm32f4xx_hal_msp.o [2]
HAL_NVIC_EnableIRQ       0x800'16e3   0x16  Code  Gb  stm32f4xx_hal_cortex.o [4]
HAL_NVIC_SetPriority     0x800'16a9   0x3a  Code  Gb  stm32f4xx_hal_cortex.o [4]
HAL_NVIC_SetPriorityGrouping
                         0x800'168f   0x1a  Code  Gb  stm32f4xx_hal_cortex.o [4]
HAL_PWREx_EnableOverDrive
                         0x800'281d   0x48  Code  Gb  stm32f4xx_hal_pwr_ex.o [4]
HAL_RCC_ClockConfig      0x800'2895  0x100  Code  Gb  stm32f4xx_hal_rcc.o [4]
HAL_RCC_GetSysClockFreq
                         0x800'2a69   0x60  Code  Wk  stm32f4xx_hal_rcc.o [4]
HAL_RCC_OscConfig        0x800'24fd  0x320  Code  Wk  stm32f4xx_hal_rcc.o [4]
HAL_SPI_Init             0x800'1985   0xb6  Code  Gb  stm32f4xx_hal_spi.o [4]
HAL_SPI_MspInit          0x800'0d41   0x40  Code  Gb  stm32f4xx_hal_msp.o [2]
HAL_SPI_Transmit         0x800'1a3b  0x140  Code  Gb  stm32f4xx_hal_spi.o [4]
HAL_SYSTICK_Config       0x800'16f9   0x22  Code  Gb  stm32f4xx_hal_cortex.o [4]
HAL_TIMEx_BreakCallback
                         0x800'166d    0x2  Code  Wk  stm32f4xx_hal_tim_ex.o [4]
HAL_TIMEx_CommutCallback
                         0x800'1671    0x2  Code  Wk  stm32f4xx_hal_tim_ex.o [4]
HAL_TIMEx_MasterConfigSynchronization
                         0x800'2471   0x6e  Code  Gb  stm32f4xx_hal_tim_ex.o [4]
HAL_TIM_Base_Init        0x800'01ad   0x1a  Code  Gb  stm32f4xx_hal_tim.o [4]
HAL_TIM_Base_MspInit     0x800'0d81   0xfa  Code  Gb  stm32f4xx_hal_msp.o [2]
HAL_TIM_ConfigClockSource
                         0x800'08ed   0xaa  Code  Gb  stm32f4xx_hal_tim.o [4]
HAL_TIM_IC_CaptureCallback
                         0x800'0fe3   0x74  Code  Gb  main.o [2]
HAL_TIM_IC_ConfigChannel
                         0x800'0729   0xf6  Code  Gb  stm32f4xx_hal_tim.o [4]
HAL_TIM_IC_Init          0x800'03ed   0x1c  Code  Gb  stm32f4xx_hal_tim.o [4]
HAL_TIM_IC_MspInit       0x800'0f33    0x2  Code  Wk  stm32f4xx_hal_tim.o [4]
HAL_TIM_IC_Start_IT      0x800'0427   0xd4  Code  Gb  stm32f4xx_hal_tim.o [4]
HAL_TIM_IC_Stop_IT       0x800'0515   0x6e  Code  Gb  stm32f4xx_hal_tim.o [4]
HAL_TIM_IRQHandler       0x800'05e1  0x142  Code  Gb  stm32f4xx_hal_tim.o [4]
HAL_TIM_MspPostInit      0x800'0ea7   0x42  Code  Gb  stm32f4xx_hal_msp.o [2]
HAL_TIM_OC_DelayElapsedCallback
                         0x800'1669    0x2  Code  Wk  stm32f4xx_hal_tim.o [4]
HAL_TIM_PWM_ConfigChannel
                         0x800'0829   0xb6  Code  Gb  stm32f4xx_hal_tim.o [4]
HAL_TIM_PWM_Init         0x800'0219   0x1a  Code  Gb  stm32f4xx_hal_tim.o [4]
HAL_TIM_PWM_MspInit      0x800'0f31    0x2  Code  Wk  stm32f4xx_hal_tim.o [4]
HAL_TIM_PWM_PulseFinishedCallback
                         0x800'1673    0x2  Code  Wk  stm32f4xx_hal_tim.o [4]
HAL_TIM_PWM_Start        0x800'0233   0x96  Code  Gb  stm32f4xx_hal_tim.o [4]
HAL_TIM_PWM_Stop         0x800'02f7   0x52  Code  Gb  stm32f4xx_hal_tim.o [4]
HAL_TIM_PeriodElapsedCallback
                         0x800'166b    0x2  Code  Wk  stm32f4xx_hal_tim.o [4]
HAL_TIM_TriggerCallback
                         0x800'166f    0x2  Code  Wk  stm32f4xx_hal_tim.o [4]
HASH_RNG_IRQHandler      0x800'2e99         Code  Wk  startup_stm32f429xx.o [1]
HardFault_Handler        0x800'2bd7    0x2  Code  Gb  stm32f4xx_it.o [2]
I2C1_ER_IRQHandler       0x800'2de5         Code  Wk  startup_stm32f429xx.o [1]
I2C1_EV_IRQHandler       0x800'2de1         Code  Wk  startup_stm32f429xx.o [1]
I2C2_ER_IRQHandler       0x800'2ded         Code  Wk  startup_stm32f429xx.o [1]
I2C2_EV_IRQHandler       0x800'2de9         Code  Wk  startup_stm32f429xx.o [1]
I2C3_ER_IRQHandler       0x800'2e81         Code  Wk  startup_stm32f429xx.o [1]
I2C3_EV_IRQHandler       0x800'2e7d         Code  Wk  startup_stm32f429xx.o [1]
LCD_Clear                0x800'0f8f    0x4  Code  Gb  main.o [2]
LCD_Sel_Row_Col          0x800'0fb5   0x2e  Code  Gb  main.o [2]
LCD_SendCommand          0x800'0f35   0x10  Code  Gb  main.o [2]
LCD_SendData             0x800'0f45    0xe  Code  Gb  main.o [2]
LTDC_ER_IRQHandler       0x800'2ebd         Code  Wk  startup_stm32f429xx.o [1]
LTDC_IRQHandler          0x800'2eb9         Code  Wk  startup_stm32f429xx.o [1]
MemManage_Handler        0x800'2bd9    0x2  Code  Gb  stm32f4xx_it.o [2]
NMI_Handler              0x800'2bd5    0x2  Code  Gb  stm32f4xx_it.o [2]
OTG_FS_IRQHandler        0x800'2e69         Code  Wk  startup_stm32f429xx.o [1]
OTG_FS_WKUP_IRQHandler   0x800'2e0d         Code  Wk  startup_stm32f429xx.o [1]
OTG_HS_EP1_IN_IRQHandler
                         0x800'2e89         Code  Wk  startup_stm32f429xx.o [1]
OTG_HS_EP1_OUT_IRQHandler
                         0x800'2e85         Code  Wk  startup_stm32f429xx.o [1]
OTG_HS_IRQHandler        0x800'2e91         Code  Wk  startup_stm32f429xx.o [1]
OTG_HS_WKUP_IRQHandler   0x800'2e8d         Code  Wk  startup_stm32f429xx.o [1]
PVD_IRQHandler           0x800'2d71         Code  Wk  startup_stm32f429xx.o [1]
PendSV_Handler           0x800'2be3    0x2  Code  Gb  stm32f4xx_it.o [2]
RCC_IRQHandler           0x800'2d81         Code  Wk  startup_stm32f429xx.o [1]
RTC_Alarm_IRQHandler     0x800'2e09         Code  Wk  startup_stm32f429xx.o [1]
RTC_WKUP_IRQHandler      0x800'2d79         Code  Wk  startup_stm32f429xx.o [1]
Region$$Table$$Base      0x800'2ca4          --   Gb  - Linker created -
Region$$Table$$Limit     0x800'2cc8          --   Gb  - Linker created -
Reset_Handler            0x800'2d4d         Code  Wk  startup_stm32f429xx.o [1]
SAI1_IRQHandler          0x800'2eb5         Code  Wk  startup_stm32f429xx.o [1]
SDIO_IRQHandler          0x800'2e25         Code  Wk  startup_stm32f429xx.o [1]
SPI1_IRQHandler          0x800'2df1         Code  Wk  startup_stm32f429xx.o [1]
SPI2_IRQHandler          0x800'2df5         Code  Wk  startup_stm32f429xx.o [1]
SPI3_IRQHandler          0x800'2e29         Code  Wk  startup_stm32f429xx.o [1]
SPI4_IRQHandler          0x800'2ea9         Code  Wk  startup_stm32f429xx.o [1]
SPI5_IRQHandler          0x800'2ead         Code  Wk  startup_stm32f429xx.o [1]
SPI6_IRQHandler          0x800'2eb1         Code  Wk  startup_stm32f429xx.o [1]
SPI_EndRxTxTransaction   0x800'1ca1   0x50  Code  Lc  stm32f4xx_hal_spi.o [4]
SPI_WaitFlagStateUntilTimeout
                         0x800'1be1   0xb4  Code  Lc  stm32f4xx_hal_spi.o [4]
SVC_Handler              0x800'2bdf    0x2  Code  Gb  stm32f4xx_it.o [2]
SysTick_Handler          0x800'2be5    0x4  Code  Gb  stm32f4xx_it.o [2]
SystemClock_Config       0x800'1531   0xa2  Code  Gb  main.o [2]
SystemCoreClock         0x2000'000c    0x4  Data  Gb  system_stm32f4xx.o [3]
SystemInit               0x800'2cc9    0xc  Code  Gb  system_stm32f4xx.o [3]
TAMP_STAMP_IRQHandler    0x800'2d75         Code  Wk  startup_stm32f429xx.o [1]
TIM1_BRK_TIM9_IRQHandler
                         0x800'2be9    0x6  Code  Gb  stm32f4xx_it.o [2]
TIM1_CC_IRQHandler       0x800'2dd5         Code  Wk  startup_stm32f429xx.o [1]
TIM1_TRG_COM_TIM11_IRQHandler
                         0x800'2dd1         Code  Wk  startup_stm32f429xx.o [1]
TIM1_UP_TIM10_IRQHandler
                         0x800'2dcd         Code  Wk  startup_stm32f429xx.o [1]
TIM2_IRQHandler          0x800'2dd9         Code  Wk  startup_stm32f429xx.o [1]
TIM3_IRQHandler          0x800'2bef    0x6  Code  Gb  stm32f4xx_it.o [2]
TIM4_IRQHandler          0x800'2ddd         Code  Wk  startup_stm32f429xx.o [1]
TIM5_IRQHandler          0x800'2bfb    0x6  Code  Gb  stm32f4xx_it.o [2]
TIM6_DAC_IRQHandler      0x800'2e35         Code  Wk  startup_stm32f429xx.o [1]
TIM7_IRQHandler          0x800'2e39         Code  Wk  startup_stm32f429xx.o [1]
TIM8_BRK_TIM12_IRQHandler
                         0x800'2bf5    0x6  Code  Gb  stm32f4xx_it.o [2]
TIM8_CC_IRQHandler       0x800'2e19         Code  Wk  startup_stm32f429xx.o [1]
TIM8_TRG_COM_TIM14_IRQHandler
                         0x800'2e15         Code  Wk  startup_stm32f429xx.o [1]
TIM8_UP_TIM13_IRQHandler
                         0x800'2e11         Code  Wk  startup_stm32f429xx.o [1]
TIM_Base_SetConfig       0x800'09b1   0x96  Code  Gb  stm32f4xx_hal_tim.o [4]
TIM_CCxChannelCmd        0x800'0cc7   0x16  Code  Gb  stm32f4xx_hal_tim.o [4]
TIM_ETR_SetConfig        0x800'0cb3   0x14  Code  Gb  stm32f4xx_hal_tim.o [4]
TIM_ITRx_SetConfig       0x800'0ca3   0x10  Code  Lc  stm32f4xx_hal_tim.o [4]
TIM_OC1_SetConfig        0x800'0a47   0x58  Code  Lc  stm32f4xx_hal_tim.o [4]
TIM_OC2_SetConfig        0x800'0a9f   0x60  Code  Gb  stm32f4xx_hal_tim.o [4]
TIM_OC3_SetConfig        0x800'0aff   0x5e  Code  Lc  stm32f4xx_hal_tim.o [4]
TIM_OC4_SetConfig        0x800'0b5d   0x46  Code  Lc  stm32f4xx_hal_tim.o [4]
TIM_TI1_ConfigInputStage
                         0x800'0c35   0x1e  Code  Lc  stm32f4xx_hal_tim.o [4]
TIM_TI1_SetConfig        0x800'0ba3   0x5e  Code  Gb  stm32f4xx_hal_tim.o [4]
TIM_TI2_ConfigInputStage
                         0x800'0c7f   0x24  Code  Lc  stm32f4xx_hal_tim.o [4]
TIM_TI2_SetConfig        0x800'0c53   0x2c  Code  Lc  stm32f4xx_hal_tim.o [4]
UART4_IRQHandler         0x800'2e2d         Code  Wk  startup_stm32f429xx.o [1]
UART5_IRQHandler         0x800'2e31         Code  Wk  startup_stm32f429xx.o [1]
UART7_IRQHandler         0x800'2ea1         Code  Wk  startup_stm32f429xx.o [1]
UART8_IRQHandler         0x800'2ea5         Code  Wk  startup_stm32f429xx.o [1]
USART1_IRQHandler        0x800'2df9         Code  Wk  startup_stm32f429xx.o [1]
USART2_IRQHandler        0x800'2dfd         Code  Wk  startup_stm32f429xx.o [1]
USART3_IRQHandler        0x800'2e01         Code  Wk  startup_stm32f429xx.o [1]
USART6_IRQHandler        0x800'2e79         Code  Wk  startup_stm32f429xx.o [1]
UsageFault_Handler       0x800'2bdd    0x2  Code  Gb  stm32f4xx_it.o [2]
WWDG_IRQHandler          0x800'2d6d         Code  Wk  startup_stm32f429xx.o [1]
__NVIC_SetPriority       0x800'1675   0x1a  Code  Lc  stm32f4xx_hal_cortex.o [4]
__aeabi_cdcmple          0x800'23d5         Code  Gb  DblCmpLe.o [6]
__aeabi_cdrcmple         0x800'2409         Code  Gb  DblCmpGe.o [6]
__aeabi_d2iz             0x800'239d         Code  Gb  DblToS32.o [6]
__aeabi_dadd             0x800'1d2d         Code  Gb  DblAddSub.o [6]
__aeabi_ddiv             0x800'1fa9         Code  Gb  DblDiv.o [6]
__aeabi_dmul             0x800'21f1         Code  Gb  DblMul.o [6]
__aeabi_dsub             0x800'1ea9         Code  Gb  DblAddSub.o [6]
__aeabi_ldiv0            0x800'2bd1         Code  Gb  I64DivZer.o [7]
__aeabi_memset           0x800'29b5         Code  Gb  ABImemset.o [7]
__aeabi_ui2d             0x800'1f8d         Code  Gb  U32ToDbl.o [6]
__cmain                  0x800'2ce9         Code  Gb  cmain.o [7]
__exit                   0x800'2d1d   0x14  Code  Gb  exit.o [8]
__iar_Memset             0x800'29b5         Code  Gb  ABImemset.o [7]
__iar_Memset_word        0x800'29bd         Code  Gb  ABImemset.o [7]
__iar_copy_init3         0x800'0ce3   0x2a  Code  Gb  copy_init3.o [7]
__iar_data_init3         0x800'2c59   0x28  Code  Gb  data_init.o [7]
__iar_init_vfp           0x800'2c81         Code  Gb  fpinit_M.o [6]
__iar_program_start      0x800'2d31         Code  Gb  cstartup_M.o [7]
__iar_small_uldivmod     0x800'2ac9         Code  Gb  I64DivMod_small.o [7]
__iar_zero_init3         0x800'2c21   0x38  Code  Gb  zero_init3.o [7]
__low_level_init         0x800'2d07    0x4  Code  Gb  low_level_init.o [5]
__vector_table           0x800'0000         Data  Gb  startup_stm32f429xx.o [1]
_call_main               0x800'2cf5         Code  Gb  cmain.o [7]
_exit                    0x800'2d11         Code  Gb  cexit.o [7]
countAtRisingEdgeEncoder
                        0x2000'0068    0x8  Data  Gb  main.o [2]
countAtRisingEdgeUltrasonic
                        0x2000'0058    0x8  Data  Gb  main.o [2]
data                    0x2000'01a8    0x4  Data  Gb  main.o [2]
emergencyEndSequence     0x800'1229   0x18  Code  Gb  main.o [2]
endSequence              0x800'11b1   0x6a  Code  Gb  main.o [2]
exit                     0x800'2d0b    0x4  Code  Gb  exit.o [5]
hspi4                   0x2000'0078   0x58  Data  Gb  main.o [2]
htim12                  0x2000'0160   0x48  Data  Gb  main.o [2]
htim3                   0x2000'0010   0x48  Data  Gb  main.o [2]
htim5                   0x2000'00d0   0x48  Data  Gb  main.o [2]
htim9                   0x2000'0118   0x48  Data  Gb  main.o [2]
loopSequence             0x800'10d7   0xda  Code  Gb  main.o [2]
main                     0x800'1241  0x268  Code  Gb  main.o [2]
memset                   0x800'1739   0x14  Code  Gb  memset.o [7]
pulseWidthEncoder       0x2000'0070    0x8  Data  Gb  main.o [2]
pulseWidthUltrasonic    0x2000'0060    0x8  Data  Gb  main.o [2]
sendString               0x800'0f93   0x20  Code  Gb  main.o [2]
startSequence            0x800'1065   0x72  Code  Gb  main.o [2]
uwTick                  0x2000'0004    0x4  Data  Gb  stm32f4xx_hal.o [4]
uwTickFreq              0x2000'0000    0x1  Data  Gb  stm32f4xx_hal.o [4]
uwTickPrio              0x2000'0008    0x4  Data  Gb  stm32f4xx_hal.o [4]


[1] = C:\Users\sarge\OneDrive - Western Michigan University\Spring2023\ECE4510\FInal Project\EWARM\FInal Project\Obj\Application\EWARM
[2] = C:\Users\sarge\OneDrive - Western Michigan University\Spring2023\ECE4510\FInal Project\EWARM\FInal Project\Obj\Application\User\Core
[3] = C:\Users\sarge\OneDrive - Western Michigan University\Spring2023\ECE4510\FInal Project\EWARM\FInal Project\Obj\Drivers\CMSIS
[4] = C:\Users\sarge\OneDrive - Western Michigan University\Spring2023\ECE4510\FInal Project\EWARM\FInal Project\Obj\Drivers\STM32F4xx_HAL_Driver
[5] = dl7M_tln.a
[6] = m7M_tls.a
[7] = rt7M_tl.a
[8] = shb_l.a

  11'918 bytes of readonly  code memory
      54 bytes of readonly  data memory
   1'452 bytes of readwrite data memory

Errors: none
Warnings: none
