###############################################################################
#
# IAR ELF Linker V9.32.1.338/W64 for ARM                  14/Apr/2023  12:54:05
# Copyright 2007-2022 IAR Systems AB.
#
#    Output file  =
#        C:\Users\sarge\OneDrive - Western Michigan
#        University\Spring2023\ECE4510\FInal Project\EWARM\FInal
#        Project\Exe\FInal Project.out
#    Map file     =
#        C:\Users\sarge\OneDrive - Western Michigan
#        University\Spring2023\ECE4510\FInal Project\EWARM\FInal
#        Project\List\FInal Project.map
#    Command line =
#        -f "C:\Users\sarge\OneDrive - Western Michigan
#        University\Spring2023\ECE4510\FInal Project\EWARM\FInal
#        Project\Exe\FInal Project.out.rsp" ("C:\Users\sarge\OneDrive - Western
#        Michigan University\Spring2023\ECE4510\FInal Project\EWARM\FInal
#        Project\Obj\Application\User\Core\main.o" "C:\Users\sarge\OneDrive -
#        Western Michigan University\Spring2023\ECE4510\FInal
#        Project\EWARM\FInal
#        Project\Obj\Application\EWARM\startup_stm32f429xx.o"
#        "C:\Users\sarge\OneDrive - Western Michigan
#        University\Spring2023\ECE4510\FInal Project\EWARM\FInal
#        Project\Obj\Drivers\STM32F4xx_HAL_Driver\stm32f4xx_hal.o"
#        "C:\Users\sarge\OneDrive - Western Michigan
#        University\Spring2023\ECE4510\FInal Project\EWARM\FInal
#        Project\Obj\Drivers\STM32F4xx_HAL_Driver\stm32f4xx_hal_cortex.o"
#        "C:\Users\sarge\OneDrive - Western Michigan
#        University\Spring2023\ECE4510\FInal Project\EWARM\FInal
#        Project\Obj\Drivers\STM32F4xx_HAL_Driver\stm32f4xx_hal_dma.o"
#        "C:\Users\sarge\OneDrive - Western Michigan
#        University\Spring2023\ECE4510\FInal Project\EWARM\FInal
#        Project\Obj\Drivers\STM32F4xx_HAL_Driver\stm32f4xx_hal_dma_ex.o"
#        "C:\Users\sarge\OneDrive - Western Michigan
#        University\Spring2023\ECE4510\FInal Project\EWARM\FInal
#        Project\Obj\Drivers\STM32F4xx_HAL_Driver\stm32f4xx_hal_exti.o"
#        "C:\Users\sarge\OneDrive - Western Michigan
#        University\Spring2023\ECE4510\FInal Project\EWARM\FInal
#        Project\Obj\Drivers\STM32F4xx_HAL_Driver\stm32f4xx_hal_flash.o"
#        "C:\Users\sarge\OneDrive - Western Michigan
#        University\Spring2023\ECE4510\FInal Project\EWARM\FInal
#        Project\Obj\Drivers\STM32F4xx_HAL_Driver\stm32f4xx_hal_flash_ex.o"
#        "C:\Users\sarge\OneDrive - Western Michigan
#        University\Spring2023\ECE4510\FInal Project\EWARM\FInal
#        Project\Obj\Drivers\STM32F4xx_HAL_Driver\stm32f4xx_hal_flash_ramfunc.o"
#        "C:\Users\sarge\OneDrive - Western Michigan
#        University\Spring2023\ECE4510\FInal Project\EWARM\FInal
#        Project\Obj\Drivers\STM32F4xx_HAL_Driver\stm32f4xx_hal_gpio.o"
#        "C:\Users\sarge\OneDrive - Western Michigan
#        University\Spring2023\ECE4510\FInal Project\EWARM\FInal
#        Project\Obj\Application\User\Core\stm32f4xx_hal_msp.o"
#        "C:\Users\sarge\OneDrive - Western Michigan
#        University\Spring2023\ECE4510\FInal Project\EWARM\FInal
#        Project\Obj\Drivers\STM32F4xx_HAL_Driver\stm32f4xx_hal_pwr.o"
#        "C:\Users\sarge\OneDrive - Western Michigan
#        University\Spring2023\ECE4510\FInal Project\EWARM\FInal
#        Project\Obj\Drivers\STM32F4xx_HAL_Driver\stm32f4xx_hal_pwr_ex.o"
#        "C:\Users\sarge\OneDrive - Western Michigan
#        University\Spring2023\ECE4510\FInal Project\EWARM\FInal
#        Project\Obj\Drivers\STM32F4xx_HAL_Driver\stm32f4xx_hal_rcc.o"
#        "C:\Users\sarge\OneDrive - Western Michigan
#        University\Spring2023\ECE4510\FInal Project\EWARM\FInal
#        Project\Obj\Drivers\STM32F4xx_HAL_Driver\stm32f4xx_hal_rcc_ex.o"
#        "C:\Users\sarge\OneDrive - Western Michigan
#        University\Spring2023\ECE4510\FInal Project\EWARM\FInal
#        Project\Obj\Drivers\STM32F4xx_HAL_Driver\stm32f4xx_hal_spi.o"
#        "C:\Users\sarge\OneDrive - Western Michigan
#        University\Spring2023\ECE4510\FInal Project\EWARM\FInal
#        Project\Obj\Drivers\STM32F4xx_HAL_Driver\stm32f4xx_hal_tim.o"
#        "C:\Users\sarge\OneDrive - Western Michigan
#        University\Spring2023\ECE4510\FInal Project\EWARM\FInal
#        Project\Obj\Drivers\STM32F4xx_HAL_Driver\stm32f4xx_hal_tim_ex.o"
#        "C:\Users\sarge\OneDrive - Western Michigan
#        University\Spring2023\ECE4510\FInal Project\EWARM\FInal
#        Project\Obj\Application\User\Core\stm32f4xx_it.o"
#        "C:\Users\sarge\OneDrive - Western Michigan
#        University\Spring2023\ECE4510\FInal Project\EWARM\FInal
#        Project\Obj\Drivers\CMSIS\system_stm32f4xx.o" --no_out_extension -o
#        "C:\Users\sarge\OneDrive - Western Michigan
#        University\Spring2023\ECE4510\FInal Project\EWARM\FInal
#        Project\Exe\FInal Project.out" --redirect _Printf=_PrintfFullNoMb
#        --redirect _Scanf=_ScanfFullNoMb --map "C:\Users\sarge\OneDrive -
#        Western Michigan University\Spring2023\ECE4510\FInal
#        Project\EWARM\FInal Project\List\FInal Project.map" --config
#        "C:\Users\sarge\OneDrive - Western Michigan
#        University\Spring2023\ECE4510\FInal
#        Project\EWARM/stm32f429xx_flash.icf" --semihosting --entry
#        __iar_program_start --vfe --text_out locale --cpu=Cortex-M4
#        --fpu=VFPv4_sp)
#
###############################################################################

*******************************************************************************
*** RUNTIME MODEL ATTRIBUTES
***

CppFlavor       = *
__CPP_Runtime   = 1
__SystemLibrary = DLib
__dlib_version  = 6


*******************************************************************************
*** HEAP SELECTION
***

The basic heap was selected because --advanced_heap
was not specified and the application did not appear to
be primarily optimized for speed.


*******************************************************************************
*** PLACEMENT SUMMARY
***

"A0":  place at address 0x800'0000 { ro section .intvec };
"P1":  place in [from 0x800'0000 to 0x81f'ffff] { ro };
define block CSTACK with size = 1K, alignment = 8 { };
define block HEAP with size = 512, alignment = 8 { };
"P2":  place in [from 0x2000'0000 to 0x2002'ffff] {
          rw, block CSTACK, block HEAP };
initialize by copy { rw };

  Section            Kind         Address    Size  Object
  -------            ----         -------    ----  ------
"A0":                                       0x1ac
  .intvec            ro code   0x800'0000   0x1ac  startup_stm32f429xx.o [1]
                             - 0x800'01ac   0x1ac

"P1":                                      0x2a08
  .text              ro code   0x800'01ac   0xbae  stm32f4xx_hal_tim.o [4]
  .text              ro code   0x800'0d5a    0x2a  copy_init3.o [7]
  .text              ro code   0x800'0d84   0x218  stm32f4xx_hal_msp.o [2]
  .text              ro code   0x800'0f9c     0x2  stm32f4xx_hal_tim.o [4]
  .text              ro code   0x800'0f9e     0x2  stm32f4xx_hal_tim.o [4]
  .text              ro code   0x800'0fa0   0x7f4  main.o [2]
  .text              ro code   0x800'1794     0x2  stm32f4xx_hal_tim.o [4]
  .text              ro code   0x800'1796     0x2  stm32f4xx_hal_tim.o [4]
  .text              ro code   0x800'1798     0x2  stm32f4xx_hal_tim_ex.o [4]
  .text              ro code   0x800'179a     0x2  stm32f4xx_hal_tim.o [4]
  .text              ro code   0x800'179c     0x2  stm32f4xx_hal_tim_ex.o [4]
  .text              ro code   0x800'179e     0x2  stm32f4xx_hal_tim.o [4]
  .text              ro code   0x800'17a0    0xc4  stm32f4xx_hal_cortex.o [4]
  .text              ro code   0x800'1864    0x14  memset.o [7]
  .text              ro code   0x800'1878   0x238  stm32f4xx_hal_gpio.o [4]
  .text              ro code   0x800'1ab0   0x380  stm32f4xx_hal_spi.o [4]
  .text              ro code   0x800'1e30    0x28  stm32f4xx_hal.o [4]
  .text              ro code   0x800'1e58    0x1c  U32ToDbl.o [6]
  .text              ro code   0x800'1e74   0x24e  DblAddSub.o [6]
  .text              ro code   0x800'20c4     0xc  stm32f4xx_hal.o [4]
  .text              ro code   0x800'20d0    0x34  DblCmpLe.o [6]
  .text              ro code   0x800'2104    0x34  DblCmpGe.o [6]
  .text              ro code   0x800'2138    0x34  stm32f4xx_hal.o [4]
  .text              ro code   0x800'216c    0x8c  stm32f4xx_hal_tim_ex.o [4]
  .text              ro code   0x800'21f8   0x320  stm32f4xx_hal_rcc.o [4]
  .text              ro code   0x800'2518    0x78  stm32f4xx_hal_pwr_ex.o [4]
  .text              ro code   0x800'2590   0x120  stm32f4xx_hal_rcc.o [4]
  .text              ro code   0x800'26b0    0x66  ABImemset.o [7]
  .text              ro code   0x800'2718    0x40  stm32f4xx_hal.o [4]
  .text              ro code   0x800'2758    0x60  stm32f4xx_hal_rcc.o [4]
  .text              ro code   0x800'27b8   0x106  I64DivMod_small.o [7]
  .text              ro code   0x800'28c0     0x2  I64DivZer.o [7]
  .text              ro code   0x800'28c4    0x3c  stm32f4xx_it.o [2]
  .text              ro code   0x800'2900    0x10  stm32f4xx_hal.o [4]
  .text              ro code   0x800'2910    0x38  zero_init3.o [7]
  .text              ro code   0x800'2948    0x28  data_init.o [7]
  .text              ro code   0x800'2970    0x22  fpinit_M.o [6]
  .iar.init_table    const     0x800'2994    0x24  - Linker created -
  .text              ro code   0x800'29b8    0x20  system_stm32f4xx.o [3]
  .text              ro code   0x800'29d8    0x1e  cmain.o [7]
  .text              ro code   0x800'29f6     0x4  low_level_init.o [5]
  .text              ro code   0x800'29fa     0x4  exit.o [5]
  .text              ro code   0x800'2a00     0xa  cexit.o [7]
  .text              ro code   0x800'2a0c    0x14  exit.o [8]
  .text              ro code   0x800'2a20    0x1c  cstartup_M.o [7]
  .text              ro code   0x800'2a3c    0x10  startup_stm32f429xx.o [1]
  Initializer bytes  const     0x800'2a4c    0x10  <for P2-1>
  .text              ro code   0x800'2a5c     0x4  startup_stm32f429xx.o [1]
  .text              ro code   0x800'2a60     0x4  startup_stm32f429xx.o [1]
  .text              ro code   0x800'2a64     0x4  startup_stm32f429xx.o [1]
  .text              ro code   0x800'2a68     0x4  startup_stm32f429xx.o [1]
  .text              ro code   0x800'2a6c     0x4  startup_stm32f429xx.o [1]
  .text              ro code   0x800'2a70     0x4  startup_stm32f429xx.o [1]
  .text              ro code   0x800'2a74     0x4  startup_stm32f429xx.o [1]
  .text              ro code   0x800'2a78     0x4  startup_stm32f429xx.o [1]
  .text              ro code   0x800'2a7c     0x4  startup_stm32f429xx.o [1]
  .text              ro code   0x800'2a80     0x4  startup_stm32f429xx.o [1]
  .text              ro code   0x800'2a84     0x4  startup_stm32f429xx.o [1]
  .text              ro code   0x800'2a88     0x4  startup_stm32f429xx.o [1]
  .text              ro code   0x800'2a8c     0x4  startup_stm32f429xx.o [1]
  .text              ro code   0x800'2a90     0x4  startup_stm32f429xx.o [1]
  .text              ro code   0x800'2a94     0x4  startup_stm32f429xx.o [1]
  .text              ro code   0x800'2a98     0x4  startup_stm32f429xx.o [1]
  .text              ro code   0x800'2a9c     0x4  startup_stm32f429xx.o [1]
  .text              ro code   0x800'2aa0     0x4  startup_stm32f429xx.o [1]
  .text              ro code   0x800'2aa4     0x4  startup_stm32f429xx.o [1]
  .text              ro code   0x800'2aa8     0x4  startup_stm32f429xx.o [1]
  .text              ro code   0x800'2aac     0x4  startup_stm32f429xx.o [1]
  .text              ro code   0x800'2ab0     0x4  startup_stm32f429xx.o [1]
  .text              ro code   0x800'2ab4     0x4  startup_stm32f429xx.o [1]
  .text              ro code   0x800'2ab8     0x4  startup_stm32f429xx.o [1]
  .text              ro code   0x800'2abc     0x4  startup_stm32f429xx.o [1]
  .text              ro code   0x800'2ac0     0x4  startup_stm32f429xx.o [1]
  .text              ro code   0x800'2ac4     0x4  startup_stm32f429xx.o [1]
  .text              ro code   0x800'2ac8     0x4  startup_stm32f429xx.o [1]
  .text              ro code   0x800'2acc     0x4  startup_stm32f429xx.o [1]
  .text              ro code   0x800'2ad0     0x4  startup_stm32f429xx.o [1]
  .text              ro code   0x800'2ad4     0x4  startup_stm32f429xx.o [1]
  .text              ro code   0x800'2ad8     0x4  startup_stm32f429xx.o [1]
  .text              ro code   0x800'2adc     0x4  startup_stm32f429xx.o [1]
  .text              ro code   0x800'2ae0     0x4  startup_stm32f429xx.o [1]
  .text              ro code   0x800'2ae4     0x4  startup_stm32f429xx.o [1]
  .text              ro code   0x800'2ae8     0x4  startup_stm32f429xx.o [1]
  .text              ro code   0x800'2aec     0x4  startup_stm32f429xx.o [1]
  .text              ro code   0x800'2af0     0x4  startup_stm32f429xx.o [1]
  .text              ro code   0x800'2af4     0x4  startup_stm32f429xx.o [1]
  .text              ro code   0x800'2af8     0x4  startup_stm32f429xx.o [1]
  .text              ro code   0x800'2afc     0x4  startup_stm32f429xx.o [1]
  .text              ro code   0x800'2b00     0x4  startup_stm32f429xx.o [1]
  .text              ro code   0x800'2b04     0x4  startup_stm32f429xx.o [1]
  .text              ro code   0x800'2b08     0x4  startup_stm32f429xx.o [1]
  .text              ro code   0x800'2b0c     0x4  startup_stm32f429xx.o [1]
  .text              ro code   0x800'2b10     0x4  startup_stm32f429xx.o [1]
  .text              ro code   0x800'2b14     0x4  startup_stm32f429xx.o [1]
  .text              ro code   0x800'2b18     0x4  startup_stm32f429xx.o [1]
  .text              ro code   0x800'2b1c     0x4  startup_stm32f429xx.o [1]
  .text              ro code   0x800'2b20     0x4  startup_stm32f429xx.o [1]
  .text              ro code   0x800'2b24     0x4  startup_stm32f429xx.o [1]
  .text              ro code   0x800'2b28     0x4  startup_stm32f429xx.o [1]
  .text              ro code   0x800'2b2c     0x4  startup_stm32f429xx.o [1]
  .text              ro code   0x800'2b30     0x4  startup_stm32f429xx.o [1]
  .text              ro code   0x800'2b34     0x4  startup_stm32f429xx.o [1]
  .text              ro code   0x800'2b38     0x4  startup_stm32f429xx.o [1]
  .text              ro code   0x800'2b3c     0x4  startup_stm32f429xx.o [1]
  .text              ro code   0x800'2b40     0x4  startup_stm32f429xx.o [1]
  .text              ro code   0x800'2b44     0x4  startup_stm32f429xx.o [1]
  .text              ro code   0x800'2b48     0x4  startup_stm32f429xx.o [1]
  .text              ro code   0x800'2b4c     0x4  startup_stm32f429xx.o [1]
  .text              ro code   0x800'2b50     0x4  startup_stm32f429xx.o [1]
  .text              ro code   0x800'2b54     0x4  startup_stm32f429xx.o [1]
  .text              ro code   0x800'2b58     0x4  startup_stm32f429xx.o [1]
  .text              ro code   0x800'2b5c     0x4  startup_stm32f429xx.o [1]
  .text              ro code   0x800'2b60     0x4  startup_stm32f429xx.o [1]
  .text              ro code   0x800'2b64     0x4  startup_stm32f429xx.o [1]
  .text              ro code   0x800'2b68     0x4  startup_stm32f429xx.o [1]
  .text              ro code   0x800'2b6c     0x4  startup_stm32f429xx.o [1]
  .text              ro code   0x800'2b70     0x4  startup_stm32f429xx.o [1]
  .text              ro code   0x800'2b74     0x4  startup_stm32f429xx.o [1]
  .text              ro code   0x800'2b78     0x4  startup_stm32f429xx.o [1]
  .text              ro code   0x800'2b7c     0x4  startup_stm32f429xx.o [1]
  .text              ro code   0x800'2b80     0x4  startup_stm32f429xx.o [1]
  .text              ro code   0x800'2b84     0x4  startup_stm32f429xx.o [1]
  .text              ro code   0x800'2b88     0x4  startup_stm32f429xx.o [1]
  .text              ro code   0x800'2b8c     0x4  startup_stm32f429xx.o [1]
  .text              ro code   0x800'2b90     0x4  startup_stm32f429xx.o [1]
  .text              ro code   0x800'2b94     0x4  startup_stm32f429xx.o [1]
  .text              ro code   0x800'2b98     0x4  startup_stm32f429xx.o [1]
  .text              ro code   0x800'2b9c     0x4  startup_stm32f429xx.o [1]
  .text              ro code   0x800'2ba0     0x4  startup_stm32f429xx.o [1]
  .text              ro code   0x800'2ba4     0x4  startup_stm32f429xx.o [1]
  .text              ro code   0x800'2ba8     0x4  startup_stm32f429xx.o [1]
  .text              ro code   0x800'2bac     0x4  startup_stm32f429xx.o [1]
  .text              ro code   0x800'2bb0     0x4  startup_stm32f429xx.o [1]
  .rodata            const     0x800'2bb4     0x0  zero_init3.o [7]
  .rodata            const     0x800'2bb4     0x0  copy_init3.o [7]
                             - 0x800'2bb4  0x2a08

"P2", part 1 of 3:                           0x10
  P2-1                        0x2000'0000    0x10  <Init block>
    .data            inited   0x2000'0000     0xc  stm32f4xx_hal.o [4]
    .data            inited   0x2000'000c     0x4  system_stm32f4xx.o [3]
                            - 0x2000'0010    0x10

"P2", part 2 of 3:                          0x19c
  .bss               zero     0x2000'0010    0x68  main.o [2]
  .bss               zero     0x2000'0078    0x58  main.o [2]
  .bss               zero     0x2000'00d0    0x48  main.o [2]
  .bss               zero     0x2000'0118    0x48  main.o [2]
  .bss               zero     0x2000'0160    0x48  main.o [2]
  .bss               zero     0x2000'01a8     0x4  main.o [2]
                            - 0x2000'01ac   0x19c

"P2", part 3 of 3:                          0x400
  CSTACK                      0x2000'01b0   0x400  <Block>
    CSTACK           uninit   0x2000'01b0   0x400  <Block tail>
                            - 0x2000'05b0   0x400

Unused ranges:

         From           To       Size
         ----           --       ----
   0x800'2bb4   0x81f'ffff  0x1f'd44c
  0x2000'01ac  0x2000'01af        0x4
  0x2000'05b0  0x2002'ffff   0x2'fa50


*******************************************************************************
*** INIT TABLE
***

          Address      Size
          -------      ----
Zero (__iar_zero_init3)
    1 destination range, total size 0x19c:
          0x2000'0010  0x19c

Copy (__iar_copy_init3)
    1 source range, total size 0x10:
           0x800'2a4c   0x10
    1 destination range, total size 0x10:
          0x2000'0000   0x10



*******************************************************************************
*** MODULE SUMMARY
***

    Module                  ro code  ro data  rw data
    ------                  -------  -------  -------
command line/config:
    -------------------------------------------------
    Total:

C:\Users\sarge\OneDrive - Western Michigan University\Spring2023\ECE4510\FInal Project\EWARM\FInal Project\Obj\Application\EWARM: [1]
    startup_stm32f429xx.o       788
    -------------------------------------------------
    Total:                      788

C:\Users\sarge\OneDrive - Western Michigan University\Spring2023\ECE4510\FInal Project\EWARM\FInal Project\Obj\Application\User\Core: [2]
    main.o                    2'036               412
    stm32f4xx_hal_msp.o         536
    stm32f4xx_it.o               60
    -------------------------------------------------
    Total:                    2'632               412

C:\Users\sarge\OneDrive - Western Michigan University\Spring2023\ECE4510\FInal Project\EWARM\FInal Project\Obj\Drivers\CMSIS: [3]
    system_stm32f4xx.o           32        4        4
    -------------------------------------------------
    Total:                       32        4        4

C:\Users\sarge\OneDrive - Western Michigan University\Spring2023\ECE4510\FInal Project\EWARM\FInal Project\Obj\Drivers\STM32F4xx_HAL_Driver: [4]
    stm32f4xx_hal.o             184       12       12
    stm32f4xx_hal_cortex.o      196
    stm32f4xx_hal_gpio.o        568
    stm32f4xx_hal_pwr_ex.o      120
    stm32f4xx_hal_rcc.o       1'184
    stm32f4xx_hal_spi.o         896
    stm32f4xx_hal_tim.o       3'002
    stm32f4xx_hal_tim_ex.o      144
    -------------------------------------------------
    Total:                    6'294       12       12

dl7M_tln.a: [5]
    exit.o                        4
    low_level_init.o              4
    -------------------------------------------------
    Total:                        8

m7M_tls.a: [6]
    DblAddSub.o                 590
    DblCmpGe.o                   52
    DblCmpLe.o                   52
    U32ToDbl.o                   28
    fpinit_M.o                   34
    -------------------------------------------------
    Total:                      756

rt7M_tl.a: [7]
    ABImemset.o                 102
    I64DivMod_small.o           262
    I64DivZer.o                   2
    cexit.o                      10
    cmain.o                      30
    copy_init3.o                 42
    cstartup_M.o                 28
    data_init.o                  40
    memset.o                     20
    zero_init3.o                 56
    -------------------------------------------------
    Total:                      592

shb_l.a: [8]
    exit.o                       20
    -------------------------------------------------
    Total:                       20

    Gaps                         12        2
    Linker created                        36    1'024
-----------------------------------------------------
    Grand Total:             11'134       54    1'452


*******************************************************************************
*** ENTRY LIST
***

Entry                       Address   Size  Type      Object
-----                       -------   ----  ----      ------
.iar.init_table$$Base    0x800'2994          --   Gb  - Linker created -
.iar.init_table$$Limit   0x800'29b8          --   Gb  - Linker created -
?main                    0x800'29d9         Code  Gb  cmain.o [7]
ADC_IRQHandler           0x800'2aa5         Code  Wk  startup_stm32f429xx.o [1]
AHBPrescTable            0x800'29c8   0x10  Data  Gb  system_stm32f4xx.o [3]
BusFault_Handler         0x800'28cb    0x2  Code  Gb  stm32f4xx_it.o [2]
CAN1_RX0_IRQHandler      0x800'2aad         Code  Wk  startup_stm32f429xx.o [1]
CAN1_RX1_IRQHandler      0x800'2ab1         Code  Wk  startup_stm32f429xx.o [1]
CAN1_SCE_IRQHandler      0x800'2ab5         Code  Wk  startup_stm32f429xx.o [1]
CAN1_TX_IRQHandler       0x800'2aa9         Code  Wk  startup_stm32f429xx.o [1]
CAN2_RX0_IRQHandler      0x800'2b4d         Code  Wk  startup_stm32f429xx.o [1]
CAN2_RX1_IRQHandler      0x800'2b51         Code  Wk  startup_stm32f429xx.o [1]
CAN2_SCE_IRQHandler      0x800'2b55         Code  Wk  startup_stm32f429xx.o [1]
CAN2_TX_IRQHandler       0x800'2b49         Code  Wk  startup_stm32f429xx.o [1]
CSTACK$$Base            0x2000'01b0          --   Gb  - Linker created -
CSTACK$$Limit           0x2000'05b0          --   Gb  - Linker created -
DCMI_IRQHandler          0x800'2b85         Code  Wk  startup_stm32f429xx.o [1]
DMA1_Stream0_IRQHandler
                         0x800'2a89         Code  Wk  startup_stm32f429xx.o [1]
DMA1_Stream1_IRQHandler
                         0x800'2a8d         Code  Wk  startup_stm32f429xx.o [1]
DMA1_Stream2_IRQHandler
                         0x800'2a91         Code  Wk  startup_stm32f429xx.o [1]
DMA1_Stream3_IRQHandler
                         0x800'2a95         Code  Wk  startup_stm32f429xx.o [1]
DMA1_Stream4_IRQHandler
                         0x800'2a99         Code  Wk  startup_stm32f429xx.o [1]
DMA1_Stream5_IRQHandler
                         0x800'2a9d         Code  Wk  startup_stm32f429xx.o [1]
DMA1_Stream6_IRQHandler
                         0x800'2aa1         Code  Wk  startup_stm32f429xx.o [1]
DMA1_Stream7_IRQHandler
                         0x800'2b0d         Code  Wk  startup_stm32f429xx.o [1]
DMA2D_IRQHandler         0x800'2bb1         Code  Wk  startup_stm32f429xx.o [1]
DMA2_Stream0_IRQHandler
                         0x800'2b2d         Code  Wk  startup_stm32f429xx.o [1]
DMA2_Stream1_IRQHandler
                         0x800'2b31         Code  Wk  startup_stm32f429xx.o [1]
DMA2_Stream2_IRQHandler
                         0x800'2b35         Code  Wk  startup_stm32f429xx.o [1]
DMA2_Stream3_IRQHandler
                         0x800'2b39         Code  Wk  startup_stm32f429xx.o [1]
DMA2_Stream4_IRQHandler
                         0x800'2b3d         Code  Wk  startup_stm32f429xx.o [1]
DMA2_Stream5_IRQHandler
                         0x800'2b5d         Code  Wk  startup_stm32f429xx.o [1]
DMA2_Stream6_IRQHandler
                         0x800'2b61         Code  Wk  startup_stm32f429xx.o [1]
DMA2_Stream7_IRQHandler
                         0x800'2b65         Code  Wk  startup_stm32f429xx.o [1]
DebugMon_Handler         0x800'28d1    0x2  Code  Gb  stm32f4xx_it.o [2]
ETH_IRQHandler           0x800'2b41         Code  Wk  startup_stm32f429xx.o [1]
ETH_WKUP_IRQHandler      0x800'2b45         Code  Wk  startup_stm32f429xx.o [1]
EXTI0_IRQHandler         0x800'2a75         Code  Wk  startup_stm32f429xx.o [1]
EXTI15_10_IRQHandler     0x800'2af1         Code  Wk  startup_stm32f429xx.o [1]
EXTI1_IRQHandler         0x800'2a79         Code  Wk  startup_stm32f429xx.o [1]
EXTI2_IRQHandler         0x800'2a7d         Code  Wk  startup_stm32f429xx.o [1]
EXTI3_IRQHandler         0x800'2a81         Code  Wk  startup_stm32f429xx.o [1]
EXTI4_IRQHandler         0x800'2a85         Code  Wk  startup_stm32f429xx.o [1]
EXTI9_5_IRQHandler       0x800'2ab9         Code  Wk  startup_stm32f429xx.o [1]
Error_Handler            0x800'1775    0x4  Code  Gb  main.o [2]
FLASH_IRQHandler         0x800'2a6d         Code  Wk  startup_stm32f429xx.o [1]
FMC_IRQHandler           0x800'2b11         Code  Wk  startup_stm32f429xx.o [1]
FPU_IRQHandler           0x800'2b8d         Code  Wk  startup_stm32f429xx.o [1]
HAL_Delay                0x800'1e31   0x28  Code  Wk  stm32f4xx_hal.o [4]
HAL_GPIO_Init            0x800'1879  0x1f0  Code  Gb  stm32f4xx_hal_gpio.o [4]
HAL_GPIO_ReadPin         0x800'1a69    0xc  Code  Gb  stm32f4xx_hal_gpio.o [4]
HAL_GPIO_WritePin        0x800'1a75    0x8  Code  Gb  stm32f4xx_hal_gpio.o [4]
HAL_GetTick              0x800'20c5    0xc  Code  Wk  stm32f4xx_hal.o [4]
HAL_IncTick              0x800'2901   0x10  Code  Wk  stm32f4xx_hal.o [4]
HAL_Init                 0x800'2139   0x30  Code  Gb  stm32f4xx_hal.o [4]
HAL_InitTick             0x800'2719   0x40  Code  Wk  stm32f4xx_hal.o [4]
HAL_MspInit              0x800'0d85   0x34  Code  Gb  stm32f4xx_hal_msp.o [2]
HAL_NVIC_EnableIRQ       0x800'180f   0x16  Code  Gb  stm32f4xx_hal_cortex.o [4]
HAL_NVIC_SetPriority     0x800'17d5   0x3a  Code  Gb  stm32f4xx_hal_cortex.o [4]
HAL_NVIC_SetPriorityGrouping
                         0x800'17bb   0x1a  Code  Gb  stm32f4xx_hal_cortex.o [4]
HAL_PWREx_EnableOverDrive
                         0x800'2519   0x48  Code  Gb  stm32f4xx_hal_pwr_ex.o [4]
HAL_RCC_ClockConfig      0x800'2591  0x100  Code  Gb  stm32f4xx_hal_rcc.o [4]
HAL_RCC_GetSysClockFreq
                         0x800'2759   0x60  Code  Wk  stm32f4xx_hal_rcc.o [4]
HAL_RCC_OscConfig        0x800'21f9  0x320  Code  Wk  stm32f4xx_hal_rcc.o [4]
HAL_SPI_Init             0x800'1ab1   0xb6  Code  Gb  stm32f4xx_hal_spi.o [4]
HAL_SPI_MspInit          0x800'0db9   0x40  Code  Gb  stm32f4xx_hal_msp.o [2]
HAL_SPI_Transmit         0x800'1b67  0x140  Code  Gb  stm32f4xx_hal_spi.o [4]
HAL_SYSTICK_Config       0x800'1825   0x22  Code  Gb  stm32f4xx_hal_cortex.o [4]
HAL_TIMEx_BreakCallback
                         0x800'1799    0x2  Code  Wk  stm32f4xx_hal_tim_ex.o [4]
HAL_TIMEx_CommutCallback
                         0x800'179d    0x2  Code  Wk  stm32f4xx_hal_tim_ex.o [4]
HAL_TIMEx_MasterConfigSynchronization
                         0x800'216d   0x6e  Code  Gb  stm32f4xx_hal_tim_ex.o [4]
HAL_TIM_Base_Init        0x800'01ad   0x1a  Code  Gb  stm32f4xx_hal_tim.o [4]
HAL_TIM_Base_MspInit     0x800'0df9   0xf8  Code  Gb  stm32f4xx_hal_msp.o [2]
HAL_TIM_Base_Start_IT    0x800'01c7   0x76  Code  Gb  stm32f4xx_hal_tim.o [4]
HAL_TIM_ConfigClockSource
                         0x800'0965   0xaa  Code  Gb  stm32f4xx_hal_tim.o [4]
HAL_TIM_IC_CaptureCallback
                         0x800'104f   0x7c  Code  Gb  main.o [2]
HAL_TIM_IC_ConfigChannel
                         0x800'07a1   0xf6  Code  Gb  stm32f4xx_hal_tim.o [4]
HAL_TIM_IC_Init          0x800'0465   0x1c  Code  Gb  stm32f4xx_hal_tim.o [4]
HAL_TIM_IC_MspInit       0x800'0f9f    0x2  Code  Wk  stm32f4xx_hal_tim.o [4]
HAL_TIM_IC_Start_IT      0x800'049f   0xd4  Code  Gb  stm32f4xx_hal_tim.o [4]
HAL_TIM_IC_Stop_IT       0x800'058d   0x6e  Code  Gb  stm32f4xx_hal_tim.o [4]
HAL_TIM_IRQHandler       0x800'0659  0x142  Code  Gb  stm32f4xx_hal_tim.o [4]
HAL_TIM_MspPostInit      0x800'0f1d   0x42  Code  Gb  stm32f4xx_hal_msp.o [2]
HAL_TIM_OC_DelayElapsedCallback
                         0x800'1795    0x2  Code  Wk  stm32f4xx_hal_tim.o [4]
HAL_TIM_PWM_ConfigChannel
                         0x800'08a1   0xb6  Code  Gb  stm32f4xx_hal_tim.o [4]
HAL_TIM_PWM_Init         0x800'028f   0x1a  Code  Gb  stm32f4xx_hal_tim.o [4]
HAL_TIM_PWM_MspInit      0x800'0f9d    0x2  Code  Wk  stm32f4xx_hal_tim.o [4]
HAL_TIM_PWM_PulseFinishedCallback
                         0x800'179f    0x2  Code  Wk  stm32f4xx_hal_tim.o [4]
HAL_TIM_PWM_Start        0x800'02a9   0x96  Code  Gb  stm32f4xx_hal_tim.o [4]
HAL_TIM_PWM_Stop         0x800'036d   0x52  Code  Gb  stm32f4xx_hal_tim.o [4]
HAL_TIM_PeriodElapsedCallback
                         0x800'1797    0x2  Code  Wk  stm32f4xx_hal_tim.o [4]
HAL_TIM_TriggerCallback
                         0x800'179b    0x2  Code  Wk  stm32f4xx_hal_tim.o [4]
HASH_RNG_IRQHandler      0x800'2b89         Code  Wk  startup_stm32f429xx.o [1]
HardFault_Handler        0x800'28c7    0x2  Code  Gb  stm32f4xx_it.o [2]
I2C1_ER_IRQHandler       0x800'2ad1         Code  Wk  startup_stm32f429xx.o [1]
I2C1_EV_IRQHandler       0x800'2acd         Code  Wk  startup_stm32f429xx.o [1]
I2C2_ER_IRQHandler       0x800'2ad9         Code  Wk  startup_stm32f429xx.o [1]
I2C2_EV_IRQHandler       0x800'2ad5         Code  Wk  startup_stm32f429xx.o [1]
I2C3_ER_IRQHandler       0x800'2b71         Code  Wk  startup_stm32f429xx.o [1]
I2C3_EV_IRQHandler       0x800'2b6d         Code  Wk  startup_stm32f429xx.o [1]
LCD_Clear                0x800'0ffb    0x4  Code  Gb  main.o [2]
LCD_Sel_Row_Col          0x800'1021   0x2e  Code  Gb  main.o [2]
LCD_SendCommand          0x800'0fa1   0x10  Code  Gb  main.o [2]
LCD_SendData             0x800'0fb1    0xe  Code  Gb  main.o [2]
LTDC_ER_IRQHandler       0x800'2bad         Code  Wk  startup_stm32f429xx.o [1]
LTDC_IRQHandler          0x800'2ba9         Code  Wk  startup_stm32f429xx.o [1]
MemManage_Handler        0x800'28c9    0x2  Code  Gb  stm32f4xx_it.o [2]
NMI_Handler              0x800'28c5    0x2  Code  Gb  stm32f4xx_it.o [2]
OTG_FS_IRQHandler        0x800'2b59         Code  Wk  startup_stm32f429xx.o [1]
OTG_FS_WKUP_IRQHandler   0x800'2af9         Code  Wk  startup_stm32f429xx.o [1]
OTG_HS_EP1_IN_IRQHandler
                         0x800'2b79         Code  Wk  startup_stm32f429xx.o [1]
OTG_HS_EP1_OUT_IRQHandler
                         0x800'2b75         Code  Wk  startup_stm32f429xx.o [1]
OTG_HS_IRQHandler        0x800'2b81         Code  Wk  startup_stm32f429xx.o [1]
OTG_HS_WKUP_IRQHandler   0x800'2b7d         Code  Wk  startup_stm32f429xx.o [1]
PVD_IRQHandler           0x800'2a61         Code  Wk  startup_stm32f429xx.o [1]
PendSV_Handler           0x800'28d3    0x2  Code  Gb  stm32f4xx_it.o [2]
RCC_IRQHandler           0x800'2a71         Code  Wk  startup_stm32f429xx.o [1]
RTC_Alarm_IRQHandler     0x800'2af5         Code  Wk  startup_stm32f429xx.o [1]
RTC_WKUP_IRQHandler      0x800'2a69         Code  Wk  startup_stm32f429xx.o [1]
Region$$Table$$Base      0x800'2994          --   Gb  - Linker created -
Region$$Table$$Limit     0x800'29b8          --   Gb  - Linker created -
Reset_Handler            0x800'2a3d         Code  Wk  startup_stm32f429xx.o [1]
SAI1_IRQHandler          0x800'2ba5         Code  Wk  startup_stm32f429xx.o [1]
SDIO_IRQHandler          0x800'2b15         Code  Wk  startup_stm32f429xx.o [1]
SPI1_IRQHandler          0x800'2add         Code  Wk  startup_stm32f429xx.o [1]
SPI2_IRQHandler          0x800'2ae1         Code  Wk  startup_stm32f429xx.o [1]
SPI3_IRQHandler          0x800'2b19         Code  Wk  startup_stm32f429xx.o [1]
SPI4_IRQHandler          0x800'2b99         Code  Wk  startup_stm32f429xx.o [1]
SPI5_IRQHandler          0x800'2b9d         Code  Wk  startup_stm32f429xx.o [1]
SPI6_IRQHandler          0x800'2ba1         Code  Wk  startup_stm32f429xx.o [1]
SPI_EndRxTxTransaction   0x800'1dcd   0x50  Code  Lc  stm32f4xx_hal_spi.o [4]
SPI_WaitFlagStateUntilTimeout
                         0x800'1d0d   0xb4  Code  Lc  stm32f4xx_hal_spi.o [4]
SVC_Handler              0x800'28cf    0x2  Code  Gb  stm32f4xx_it.o [2]
SysTick_Handler          0x800'28d5    0x4  Code  Gb  stm32f4xx_it.o [2]
SystemClock_Config       0x800'164b   0xa8  Code  Gb  main.o [2]
SystemCoreClock         0x2000'000c    0x4  Data  Gb  system_stm32f4xx.o [3]
SystemInit               0x800'29b9    0xc  Code  Gb  system_stm32f4xx.o [3]
TAMP_STAMP_IRQHandler    0x800'2a65         Code  Wk  startup_stm32f429xx.o [1]
TIM1_BRK_TIM9_IRQHandler
                         0x800'28d9    0x6  Code  Gb  stm32f4xx_it.o [2]
TIM1_CC_IRQHandler       0x800'2ac5         Code  Wk  startup_stm32f429xx.o [1]
TIM1_TRG_COM_TIM11_IRQHandler
                         0x800'2ac1         Code  Wk  startup_stm32f429xx.o [1]
TIM1_UP_TIM10_IRQHandler
                         0x800'2abd         Code  Wk  startup_stm32f429xx.o [1]
TIM2_IRQHandler          0x800'28df    0x6  Code  Gb  stm32f4xx_it.o [2]
TIM3_IRQHandler          0x800'28e5    0x6  Code  Gb  stm32f4xx_it.o [2]
TIM4_IRQHandler          0x800'2ac9         Code  Wk  startup_stm32f429xx.o [1]
TIM5_IRQHandler          0x800'28eb    0x6  Code  Gb  stm32f4xx_it.o [2]
TIM6_DAC_IRQHandler      0x800'2b25         Code  Wk  startup_stm32f429xx.o [1]
TIM7_IRQHandler          0x800'2b29         Code  Wk  startup_stm32f429xx.o [1]
TIM8_BRK_TIM12_IRQHandler
                         0x800'2afd         Code  Wk  startup_stm32f429xx.o [1]
TIM8_CC_IRQHandler       0x800'2b09         Code  Wk  startup_stm32f429xx.o [1]
TIM8_TRG_COM_TIM14_IRQHandler
                         0x800'2b05         Code  Wk  startup_stm32f429xx.o [1]
TIM8_UP_TIM13_IRQHandler
                         0x800'2b01         Code  Wk  startup_stm32f429xx.o [1]
TIM_Base_SetConfig       0x800'0a29   0x96  Code  Gb  stm32f4xx_hal_tim.o [4]
TIM_CCxChannelCmd        0x800'0d3f   0x16  Code  Gb  stm32f4xx_hal_tim.o [4]
TIM_ETR_SetConfig        0x800'0d2b   0x14  Code  Gb  stm32f4xx_hal_tim.o [4]
TIM_ITRx_SetConfig       0x800'0d1b   0x10  Code  Lc  stm32f4xx_hal_tim.o [4]
TIM_OC1_SetConfig        0x800'0abf   0x58  Code  Lc  stm32f4xx_hal_tim.o [4]
TIM_OC2_SetConfig        0x800'0b17   0x60  Code  Gb  stm32f4xx_hal_tim.o [4]
TIM_OC3_SetConfig        0x800'0b77   0x5e  Code  Lc  stm32f4xx_hal_tim.o [4]
TIM_OC4_SetConfig        0x800'0bd5   0x46  Code  Lc  stm32f4xx_hal_tim.o [4]
TIM_TI1_ConfigInputStage
                         0x800'0cad   0x1e  Code  Lc  stm32f4xx_hal_tim.o [4]
TIM_TI1_SetConfig        0x800'0c1b   0x5e  Code  Gb  stm32f4xx_hal_tim.o [4]
TIM_TI2_ConfigInputStage
                         0x800'0cf7   0x24  Code  Lc  stm32f4xx_hal_tim.o [4]
TIM_TI2_SetConfig        0x800'0ccb   0x2c  Code  Lc  stm32f4xx_hal_tim.o [4]
UART4_IRQHandler         0x800'2b1d         Code  Wk  startup_stm32f429xx.o [1]
UART5_IRQHandler         0x800'2b21         Code  Wk  startup_stm32f429xx.o [1]
UART7_IRQHandler         0x800'2b91         Code  Wk  startup_stm32f429xx.o [1]
UART8_IRQHandler         0x800'2b95         Code  Wk  startup_stm32f429xx.o [1]
USART1_IRQHandler        0x800'2ae5         Code  Wk  startup_stm32f429xx.o [1]
USART2_IRQHandler        0x800'2ae9         Code  Wk  startup_stm32f429xx.o [1]
USART3_IRQHandler        0x800'2aed         Code  Wk  startup_stm32f429xx.o [1]
USART6_IRQHandler        0x800'2b69         Code  Wk  startup_stm32f429xx.o [1]
UsageFault_Handler       0x800'28cd    0x2  Code  Gb  stm32f4xx_it.o [2]
WWDG_IRQHandler          0x800'2a5d         Code  Wk  startup_stm32f429xx.o [1]
__NVIC_SetPriority       0x800'17a1   0x1a  Code  Lc  stm32f4xx_hal_cortex.o [4]
__aeabi_cdcmple          0x800'20d1         Code  Gb  DblCmpLe.o [6]
__aeabi_cdrcmple         0x800'2105         Code  Gb  DblCmpGe.o [6]
__aeabi_dsub             0x800'1fe1         Code  Gb  DblAddSub.o [6]
__aeabi_ldiv0            0x800'28c1         Code  Gb  I64DivZer.o [7]
__aeabi_memset           0x800'26b1         Code  Gb  ABImemset.o [7]
__aeabi_ui2d             0x800'1e59         Code  Gb  U32ToDbl.o [6]
__cmain                  0x800'29d9         Code  Gb  cmain.o [7]
__exit                   0x800'2a0d   0x14  Code  Gb  exit.o [8]
__iar_Memset             0x800'26b1         Code  Gb  ABImemset.o [7]
__iar_Memset_word        0x800'26b9         Code  Gb  ABImemset.o [7]
__iar_copy_init3         0x800'0d5b   0x2a  Code  Gb  copy_init3.o [7]
__iar_data_init3         0x800'2949   0x28  Code  Gb  data_init.o [7]
__iar_init_vfp           0x800'2971         Code  Gb  fpinit_M.o [6]
__iar_program_start      0x800'2a21         Code  Gb  cstartup_M.o [7]
__iar_small_uldivmod     0x800'27b9         Code  Gb  I64DivMod_small.o [7]
__iar_zero_init3         0x800'2911   0x38  Code  Gb  zero_init3.o [7]
__low_level_init         0x800'29f7    0x4  Code  Gb  low_level_init.o [5]
__vector_table           0x800'0000         Data  Gb  startup_stm32f429xx.o [1]
_call_main               0x800'29e5         Code  Gb  cmain.o [7]
_exit                    0x800'2a01         Code  Gb  cexit.o [7]
countAtRisingEdgeEncoder
                        0x2000'0068    0x8  Data  Gb  main.o [2]
countAtRisingEdgeUltrasonic
                        0x2000'0058    0x8  Data  Gb  main.o [2]
currentTime             0x2000'0070    0x4  Data  Gb  main.o [2]
data                    0x2000'01a8    0x4  Data  Gb  main.o [2]
emergencyEndSequence     0x800'131f   0x18  Code  Gb  main.o [2]
endSequence              0x800'12af   0x58  Code  Gb  main.o [2]
exit                     0x800'29fb    0x4  Code  Gb  exit.o [5]
hspi4                   0x2000'0078   0x58  Data  Gb  main.o [2]
htim2                   0x2000'0010   0x48  Data  Gb  main.o [2]
htim3                   0x2000'00d0   0x48  Data  Gb  main.o [2]
htim5                   0x2000'0118   0x48  Data  Gb  main.o [2]
htim9                   0x2000'0160   0x48  Data  Gb  main.o [2]
loopSequence             0x800'1143  0x16c  Code  Gb  main.o [2]
main                     0x800'1337  0x2ac  Code  Gb  main.o [2]
memset                   0x800'1865   0x14  Code  Gb  memset.o [7]
prevValue               0x2000'0074    0x4  Data  Gb  main.o [2]
pulseWidthUltrasonic    0x2000'0060    0x8  Data  Gb  main.o [2]
sendString               0x800'0fff   0x20  Code  Gb  main.o [2]
startSequence            0x800'10d3   0x70  Code  Gb  main.o [2]
uwTick                  0x2000'0004    0x4  Data  Gb  stm32f4xx_hal.o [4]
uwTickFreq              0x2000'0000    0x1  Data  Gb  stm32f4xx_hal.o [4]
uwTickPrio              0x2000'0008    0x4  Data  Gb  stm32f4xx_hal.o [4]


[1] = C:\Users\sarge\OneDrive - Western Michigan University\Spring2023\ECE4510\FInal Project\EWARM\FInal Project\Obj\Application\EWARM
[2] = C:\Users\sarge\OneDrive - Western Michigan University\Spring2023\ECE4510\FInal Project\EWARM\FInal Project\Obj\Application\User\Core
[3] = C:\Users\sarge\OneDrive - Western Michigan University\Spring2023\ECE4510\FInal Project\EWARM\FInal Project\Obj\Drivers\CMSIS
[4] = C:\Users\sarge\OneDrive - Western Michigan University\Spring2023\ECE4510\FInal Project\EWARM\FInal Project\Obj\Drivers\STM32F4xx_HAL_Driver
[5] = dl7M_tln.a
[6] = m7M_tls.a
[7] = rt7M_tl.a
[8] = shb_l.a

  11'134 bytes of readonly  code memory
      54 bytes of readonly  data memory
   1'452 bytes of readwrite data memory

Errors: none
Warnings: none
